C51 COMPILER V8.08   PCF8583                                                               06/18/2008 01:56:31 PAGE 1   


C51 COMPILER V8.08, COMPILATION OF MODULE PCF8583
OBJECT MODULE PLACED IN .\4.Obj\PCF8583.obj
COMPILER INVOKED BY: C:\Keil\C51\BIN\C51.EXE 3.Source\PCF8583.c BROWSE INCDIR(.\2.Inc) DEBUG OBJECTEXTEND PRINT(.\5.List
                    -\PCF8583.lst) OBJECT(.\4.Obj\PCF8583.obj)

line level    source

   1          /**********************************************************************************************
   2          ***模块名称：                                                                               ***
   3          ***模块功能：                                                                               ***           
             -                                                                                         
   4          ***作    者：                                                                               ***
   5          ***调用方式：                                                                               ***
   6          ***日    志： 日期        版本    修改人      事件                                          ***
   7          ***           2007/9/13   V1.00   METAL MAX   搭建程序框架                                  ***
   8          ***           2007/9/14   V1.01   METAL MAX   具体底层程序添加                              ***
   9          ***           2007/9/15   V1.02   METAL MAX   具体底层程序添加                              ***
  10          ***           2007/9/16   V1.03   METAL MAX   具体底层程序添加                              ***
  11          ***备    注：                                                                               ***
  12          **********************************************************************************************/
  13          #include "VIIC_C51.H"
  14          
  15          /*********************************************************************************************************
             -*******************
  16          **函数名称：ReadPCF8583                                                                                   
             -                 **
  17          **函数功能：读取PCF8583内部寄存器                                                                         
             -                 **   
  18          **入口参数：Addr-起始地址，Num-要读取的数据个数，buff-读取后装入缓存首地址                                
             -                 **
  19          **出口参数：无                                                                                            
             -                 **
  20          **具体资源：无                                                                                            
             -                 **
  21          **调用程序：无                                                                                            
             -                 **
  22          **备    注：                                                                                              
             -                 **
  23          **********************************************************************************************************
             -******************/
  24          void ReadPCF8583(unsigned char addr, unsigned char num, unsigned char *buff)
  25          {
  26   1          IRcvStr(0xA0, addr, buff, num); 
  27   1      }
  28          
  29          
  30          /*********************************************************************************************************
             -*******************
  31          **函数名称：WritePCF8583                                                                                  
             -                 **
  32          **函数功能：写PCF8583内部RAM                                                                              
             -                 **   
  33          **入口参数：Addr-起始地址，Num-要写入的数据个数，buff-读取后装入缓存首地址                                
             -                 **
  34          **出口参数：无                                                                                            
             -                 **
  35          **具体资源：无                                                                                            
             -                 **
  36          **调用程序：无                                                                                            
             -                 **
  37          **备    注：                                                                                              
C51 COMPILER V8.08   PCF8583                                                               06/18/2008 01:56:31 PAGE 2   

             -                 **
  38          **********************************************************************************************************
             -******************/
  39          void WritePCF8583(unsigned char addr, unsigned char num, unsigned char *buff)
  40          {            
  41   1          ISendStr(0XA0, addr, buff, num); 
  42   1      }


MODULE INFORMATION:   STATIC OVERLAYABLE
   CODE SIZE        =     22    ----
   CONSTANT SIZE    =   ----    ----
   XDATA SIZE       =   ----    ----
   PDATA SIZE       =   ----    ----
   DATA SIZE        =   ----    ----
   IDATA SIZE       =   ----    ----
   BIT SIZE         =   ----    ----
END OF MODULE INFORMATION.


C51 COMPILATION COMPLETE.  0 WARNING(S),  0 ERROR(S)
