ARM Linker, RVCT4.0 [Build 524] for uVision [Standard]

==============================================================================

Section Cross References

    main.o(.text) refers to stm32f10x_systick.o(.text) for SysTick_CounterCmd
    main.o(.text) refers to stm32f10x_gpio.o(.text) for GPIO_WriteBit
    main.o(.text) refers to stm32f10x_spi.o(.text) for SPI_I2S_SendData
    main.o(.text) refers to stm32f10x_usart.o(.text) for USART_GetFlagStatus
    main.o(.text) refers to stm32f10x_nvic.o(.text) for NVIC_SystemHandlerPriorityConfig
    main.o(.text) refers to stm32f10x_rcc.o(.text) for RCC_DeInit
    main.o(.text) refers to stm32f10x_flash.o(.text) for FLASH_PrefetchBufferCmd
    main.o(.text) refers to main.o(.data) for TimingDelay
    main.o(.text) refers to main.o(.bss) for USART_InitStructure
    stm32f10x_it.o(.text) refers to main.o(.text) for SysTick_Interrupt
    stm32f10x_vector.o(STACK) refers (Special) to heapauxi.o(.text) for __use_two_region_memory
    stm32f10x_vector.o(HEAP) refers (Special) to heapauxi.o(.text) for __use_two_region_memory
    stm32f10x_vector.o(RESET) refers (Special) to heapauxi.o(.text) for __use_two_region_memory
    stm32f10x_vector.o(RESET) refers to stm32f10x_vector.o(STACK) for __initial_sp
    stm32f10x_vector.o(RESET) refers to stm32f10x_vector.o(.text) for Reset_Handler
    stm32f10x_vector.o(RESET) refers to stm32f10x_it.o(.text) for NMIException
    stm32f10x_vector.o(.text) refers (Special) to heapauxi.o(.text) for __use_two_region_memory
    stm32f10x_vector.o(.text) refers to __main.o(!!!main) for __main
    stm32f10x_vector.o(.text) refers to stm32f10x_vector.o(HEAP) for Heap_Mem
    stm32f10x_vector.o(.text) refers to stm32f10x_vector.o(STACK) for Stack_Mem
    stm32f10x_gpio.o(.text) refers to stm32f10x_rcc.o(.text) for RCC_APB2PeriphResetCmd
    stm32f10x_nvic.o(.text) refers to cortexm3_macro.o(.text) for __SETPRIMASK
    stm32f10x_rcc.o(.text) refers to stm32f10x_rcc.o(.data) for .data
    stm32f10x_rcc.o(.text) refers to stm32f10x_rcc.o(.constdata) for .constdata
    stm32f10x_spi.o(.text) refers to stm32f10x_rcc.o(.text) for RCC_APB2PeriphResetCmd
    stm32f10x_tim.o(.text) refers to stm32f10x_rcc.o(.text) for RCC_APB2PeriphResetCmd
    stm32f10x_usart.o(.text) refers to stm32f10x_rcc.o(.text) for RCC_APB2PeriphResetCmd
    __main.o(!!!main) refers to rtentry.o(.ARM.Collect$$rtentry$$00000000) for __rt_entry
    rtentry.o(.ARM.Collect$$rtentry$$00000000) refers (Special) to rtentry2.o(.ARM.Collect$$rtentry$$0000000A) for __rt_entry_li
    rtentry.o(.ARM.Collect$$rtentry$$00000000) refers (Special) to rtentry2.o(.ARM.Collect$$rtentry$$0000000D) for __rt_entry_main
    rtentry.o(.ARM.Collect$$rtentry$$00000000) refers (Special) to rtentry2.o(.ARM.Collect$$rtentry$$0000000C) for __rt_entry_postli_1
    rtentry.o(.ARM.Collect$$rtentry$$00000000) refers (Special) to rtentry2.o(.ARM.Collect$$rtentry$$00000009) for __rt_entry_postsh_1
    rtentry.o(.ARM.Collect$$rtentry$$00000000) refers (Special) to rtentry2.o(.ARM.Collect$$rtentry$$00000002) for __rt_entry_presh_1
    rtentry.o(.ARM.Collect$$rtentry$$00000000) refers (Special) to rtentry4.o(.ARM.Collect$$rtentry$$00000004) for __rt_entry_sh
    rtentry.o(.ARM.exidx) refers (Special) to rtentry2.o(.ARM.Collect$$rtentry$$0000000A) for __rt_entry_li
    rtentry.o(.ARM.exidx) refers (Special) to rtentry2.o(.ARM.Collect$$rtentry$$0000000D) for __rt_entry_main
    rtentry.o(.ARM.exidx) refers (Special) to rtentry2.o(.ARM.Collect$$rtentry$$0000000C) for __rt_entry_postli_1
    rtentry.o(.ARM.exidx) refers (Special) to rtentry2.o(.ARM.Collect$$rtentry$$00000009) for __rt_entry_postsh_1
    rtentry.o(.ARM.exidx) refers (Special) to rtentry2.o(.ARM.Collect$$rtentry$$00000002) for __rt_entry_presh_1
    rtentry.o(.ARM.exidx) refers (Special) to rtentry4.o(.ARM.Collect$$rtentry$$00000004) for __rt_entry_sh
    rtentry.o(.ARM.exidx) refers to rtentry.o(.ARM.Collect$$rtentry$$00000000) for .ARM.Collect$$rtentry$$00000000
    rtentry2.o(.ARM.Collect$$rtentry$$00000008) refers to boardinit2.o(.text) for _platform_post_stackheap_init
    rtentry2.o(.ARM.Collect$$rtentry$$0000000A) refers to libinit.o(.ARM.Collect$$libinit$$00000000) for __rt_lib_init
    rtentry2.o(.ARM.Collect$$rtentry$$0000000B) refers to boardinit3.o(.text) for _platform_post_lib_init
    rtentry2.o(.ARM.Collect$$rtentry$$0000000D) refers to main.o(.text) for main
    rtentry2.o(.ARM.Collect$$rtentry$$0000000D) refers to exit.o(.text) for exit
    rtentry2.o(.ARM.exidx) refers to rtentry2.o(.ARM.Collect$$rtentry$$00000001) for .ARM.Collect$$rtentry$$00000001
    rtentry2.o(.ARM.exidx) refers to rtentry2.o(.ARM.Collect$$rtentry$$00000002) for .ARM.Collect$$rtentry$$00000002
    rtentry2.o(.ARM.exidx) refers to rtentry2.o(.ARM.Collect$$rtentry$$00000008) for .ARM.Collect$$rtentry$$00000008
    rtentry2.o(.ARM.exidx) refers to rtentry2.o(.ARM.Collect$$rtentry$$00000009) for .ARM.Collect$$rtentry$$00000009
    rtentry2.o(.ARM.exidx) refers to rtentry2.o(.ARM.Collect$$rtentry$$0000000A) for .ARM.Collect$$rtentry$$0000000A
    rtentry2.o(.ARM.exidx) refers to rtentry2.o(.ARM.Collect$$rtentry$$0000000B) for .ARM.Collect$$rtentry$$0000000B
    rtentry2.o(.ARM.exidx) refers to rtentry2.o(.ARM.Collect$$rtentry$$0000000C) for .ARM.Collect$$rtentry$$0000000C
    rtentry2.o(.ARM.exidx) refers to rtentry2.o(.ARM.Collect$$rtentry$$0000000D) for .ARM.Collect$$rtentry$$0000000D
    rtentry4.o(.ARM.Collect$$rtentry$$00000004) refers to sys_stackheap_outer.o(.text) for __user_setup_stackheap
    rtentry4.o(.ARM.exidx) refers to rtentry4.o(.ARM.Collect$$rtentry$$00000004) for .ARM.Collect$$rtentry$$00000004
    sys_stackheap_outer.o(.text) refers to libspace.o(.text) for __user_perproc_libspace
    sys_stackheap_outer.o(.text) refers to stm32f10x_vector.o(.text) for __user_initial_stackheap
    exit.o(.text) refers to rtexit.o(.ARM.Collect$$rtexit$$00000000) for __rt_exit
    libinit.o(.ARM.Collect$$libinit$$00000000) refers (Special) to libinit2.o(.ARM.Collect$$libinit$$0000002A) for __rt_lib_init_alloca_1
    libinit.o(.ARM.Collect$$libinit$$00000000) refers (Special) to libinit2.o(.ARM.Collect$$libinit$$00000028) for __rt_lib_init_argv_1
    libinit.o(.ARM.Collect$$libinit$$00000000) refers (Special) to libinit2.o(.ARM.Collect$$libinit$$00000017) for __rt_lib_init_atexit_1
    libinit.o(.ARM.Collect$$libinit$$00000000) refers (Special) to libinit2.o(.ARM.Collect$$libinit$$0000001D) for __rt_lib_init_clock_1
    libinit.o(.ARM.Collect$$libinit$$00000000) refers (Special) to libinit2.o(.ARM.Collect$$libinit$$0000002E) for __rt_lib_init_cpp_1
    libinit.o(.ARM.Collect$$libinit$$00000000) refers (Special) to libinit2.o(.ARM.Collect$$libinit$$0000002C) for __rt_lib_init_exceptions_1
    libinit.o(.ARM.Collect$$libinit$$00000000) refers (Special) to libinit2.o(.ARM.Collect$$libinit$$0000001B) for __rt_lib_init_fp_trap_1
    libinit.o(.ARM.Collect$$libinit$$00000000) refers (Special) to libinit2.o(.ARM.Collect$$libinit$$0000001F) for __rt_lib_init_getenv_1
    libinit.o(.ARM.Collect$$libinit$$00000000) refers (Special) to libinit2.o(.ARM.Collect$$libinit$$00000006) for __rt_lib_init_heap_1
    libinit.o(.ARM.Collect$$libinit$$00000000) refers (Special) to libinit2.o(.ARM.Collect$$libinit$$0000000D) for __rt_lib_init_lc_collate_1
    libinit.o(.ARM.Collect$$libinit$$00000000) refers (Special) to libinit2.o(.ARM.Collect$$libinit$$0000000F) for __rt_lib_init_lc_ctype_1
    libinit.o(.ARM.Collect$$libinit$$00000000) refers (Special) to libinit2.o(.ARM.Collect$$libinit$$00000011) for __rt_lib_init_lc_monetary_1
    libinit.o(.ARM.Collect$$libinit$$00000000) refers (Special) to libinit2.o(.ARM.Collect$$libinit$$00000013) for __rt_lib_init_lc_numeric_1
    libinit.o(.ARM.Collect$$libinit$$00000000) refers (Special) to libinit2.o(.ARM.Collect$$libinit$$00000015) for __rt_lib_init_lc_time_1
    libinit.o(.ARM.Collect$$libinit$$00000000) refers (Special) to libinit2.o(.ARM.Collect$$libinit$$0000000A) for __rt_lib_init_rand_1
    libinit.o(.ARM.Collect$$libinit$$00000000) refers (Special) to libinit2.o(.ARM.Collect$$libinit$$0000002F) for __rt_lib_init_return
    libinit.o(.ARM.Collect$$libinit$$00000000) refers (Special) to libinit2.o(.ARM.Collect$$libinit$$00000019) for __rt_lib_init_signal_1
    libinit.o(.ARM.Collect$$libinit$$00000000) refers (Special) to libinit2.o(.ARM.Collect$$libinit$$00000021) for __rt_lib_init_stdio_1
    libinit.o(.ARM.Collect$$libinit$$00000000) refers (Special) to libinit2.o(.ARM.Collect$$libinit$$00000008) for __rt_lib_init_user_alloc_1
    libspace.o(.text) refers to libspace.o(.bss) for __libspace_start
    rtexit.o(.ARM.Collect$$rtexit$$00000000) refers (Special) to rtexit2.o(.ARM.Collect$$rtexit$$00000004) for __rt_exit_exit
    rtexit.o(.ARM.Collect$$rtexit$$00000000) refers (Special) to rtexit2.o(.ARM.Collect$$rtexit$$00000003) for __rt_exit_ls
    rtexit.o(.ARM.Collect$$rtexit$$00000000) refers (Special) to rtexit2.o(.ARM.Collect$$rtexit$$00000002) for __rt_exit_prels_1
    rtexit.o(.ARM.exidx) refers (Special) to rtexit2.o(.ARM.Collect$$rtexit$$00000004) for __rt_exit_exit
    rtexit.o(.ARM.exidx) refers (Special) to rtexit2.o(.ARM.Collect$$rtexit$$00000003) for __rt_exit_ls
    rtexit.o(.ARM.exidx) refers (Special) to rtexit2.o(.ARM.Collect$$rtexit$$00000002) for __rt_exit_prels_1
    rtexit.o(.ARM.exidx) refers to rtexit.o(.ARM.Collect$$rtexit$$00000000) for .ARM.Collect$$rtexit$$00000000
    libinit2.o(.ARM.Collect$$libinit$$0000000C) refers to libinit2.o(.ARM.Collect$$libinit$$0000000B) for .ARM.Collect$$libinit$$0000000B
    libinit2.o(.ARM.Collect$$libinit$$0000000E) refers to libinit2.o(.ARM.Collect$$libinit$$0000000B) for .ARM.Collect$$libinit$$0000000B
    libinit2.o(.ARM.Collect$$libinit$$00000010) refers to libinit2.o(.ARM.Collect$$libinit$$0000000B) for .ARM.Collect$$libinit$$0000000B
    libinit2.o(.ARM.Collect$$libinit$$00000012) refers to libinit2.o(.ARM.Collect$$libinit$$0000000B) for .ARM.Collect$$libinit$$0000000B
    libinit2.o(.ARM.Collect$$libinit$$00000014) refers to libinit2.o(.ARM.Collect$$libinit$$0000000B) for .ARM.Collect$$libinit$$0000000B
    libinit2.o(.ARM.Collect$$libinit$$00000022) refers to argv_veneer.o(.emb_text) for __ARM_argv_veneer
    libinit2.o(.ARM.Collect$$libinit$$00000023) refers to argv_veneer.o(.emb_text) for __ARM_argv_veneer
    rtexit2.o(.ARM.Collect$$rtexit$$00000003) refers to libshutdown.o(.ARM.Collect$$libshutdown$$00000000) for __rt_lib_shutdown
    rtexit2.o(.ARM.Collect$$rtexit$$00000004) refers to sys_exit.o(.text) for _sys_exit
    rtexit2.o(.ARM.exidx) refers to rtexit2.o(.ARM.Collect$$rtexit$$00000001) for .ARM.Collect$$rtexit$$00000001
    rtexit2.o(.ARM.exidx) refers to rtexit2.o(.ARM.Collect$$rtexit$$00000002) for .ARM.Collect$$rtexit$$00000002
    rtexit2.o(.ARM.exidx) refers to rtexit2.o(.ARM.Collect$$rtexit$$00000003) for .ARM.Collect$$rtexit$$00000003
    rtexit2.o(.ARM.exidx) refers to rtexit2.o(.ARM.Collect$$rtexit$$00000004) for .ARM.Collect$$rtexit$$00000004
    argv_veneer.o(.emb_text) refers to no_argv.o(.text) for __ARM_get_argv
    sys_exit.o(.text) refers to use_no_semi.o(.text) for __I$use$semihosting
    _get_argv_nomalloc.o(.text) refers (Special) to hrguard.o(.text) for __heap_region$guard
    _get_argv_nomalloc.o(.text) refers to defsig_rtmem_outer.o(.text) for __rt_SIGRTMEM
    _get_argv_nomalloc.o(.text) refers to sys_command.o(.text) for _sys_command_string
    libshutdown.o(.ARM.Collect$$libshutdown$$00000000) refers (Special) to libshutdown2.o(.ARM.Collect$$libshutdown$$00000006) for __rt_lib_shutdown_fp_trap_1
    libshutdown.o(.ARM.Collect$$libshutdown$$00000000) refers (Special) to libshutdown2.o(.ARM.Collect$$libshutdown$$0000000E) for __rt_lib_shutdown_heap_1
    libshutdown.o(.ARM.Collect$$libshutdown$$00000000) refers (Special) to libshutdown2.o(.ARM.Collect$$libshutdown$$0000000F) for __rt_lib_shutdown_return
    libshutdown.o(.ARM.Collect$$libshutdown$$00000000) refers (Special) to libshutdown2.o(.ARM.Collect$$libshutdown$$00000009) for __rt_lib_shutdown_signal_1
    libshutdown.o(.ARM.Collect$$libshutdown$$00000000) refers (Special) to libshutdown2.o(.ARM.Collect$$libshutdown$$00000003) for __rt_lib_shutdown_stdio_1
    libshutdown.o(.ARM.Collect$$libshutdown$$00000000) refers (Special) to libshutdown2.o(.ARM.Collect$$libshutdown$$0000000B) for __rt_lib_shutdown_user_alloc_1
    sys_command.o(.text) refers (Special) to use_no_semi.o(.text) for __I$use$semihosting
    defsig_rtmem_outer.o(.text) refers to defsig_rtmem_inner.o(.text) for __rt_SIGRTMEM_inner
    defsig_rtmem_outer.o(.text) refers to defsig_exit.o(.text) for __sig_exit
    defsig_rtmem_formal.o(.text) refers to rt_raise.o(.text) for __rt_raise
    rt_raise.o(.text) refers to __raise.o(.text) for __raise
    rt_raise.o(.text) refers to sys_exit.o(.text) for _sys_exit
    defsig_exit.o(.text) refers to sys_exit.o(.text) for _sys_exit
    defsig_rtmem_inner.o(.text) refers to defsig_general.o(.text) for __default_signal_display
    __raise.o(.text) refers to defsig.o(CL$$defsig) for __default_signal_handler
    defsig_general.o(.text) refers to sys_wrch.o(.text) for _ttywrch
    sys_wrch.o(.text) refers (Special) to use_no_semi.o(.text) for __I$use$semihosting
    defsig.o(CL$$defsig) refers to defsig_rtmem_inner.o(.text) for __rt_SIGRTMEM_inner
    defsig_abrt_inner.o(.text) refers to defsig_general.o(.text) for __default_signal_display
    defsig_fpe_inner.o(.text) refers to defsig_general.o(.text) for __default_signal_display
    defsig_rtred_inner.o(.text) refers to defsig_general.o(.text) for __default_signal_display
    defsig_stak_inner.o(.text) refers to defsig_general.o(.text) for __default_signal_display
    defsig_pvfn_inner.o(.text) refers to defsig_general.o(.text) for __default_signal_display
    defsig_cppl_inner.o(.text) refers to defsig_general.o(.text) for __default_signal_display
    defsig_segv_inner.o(.text) refers to defsig_general.o(.text) for __default_signal_display
    defsig_other.o(.text) refers to defsig_general.o(.text) for __default_signal_display


==============================================================================

Removing Unused input sections from the image.

    Removing stm32f10x_dbgmcu.o(.text), (48 bytes).
    Removing stm32f10x_exti.o(.text), (336 bytes).
    Removing stm32f10x_fsmc.o(.text), (1556 bytes).
    Removing stm32f10x_sdio.o(.text), (456 bytes).
    Removing stm32f10x_tim.o(.text), (2814 bytes).

5 unused section(s) (total 5210 bytes) removed from the image.

==============================================================================

Image Symbol Table

    Local Symbols

    Symbol Name                              Value     Ov Type        Size  Object(Section)

    ../../angel/boardlib.s                   0x00000000   Number         0  boardshut.o ABSOLUTE
    ../../angel/boardlib.s                   0x00000000   Number         0  boardinit1.o ABSOLUTE
    ../../angel/boardlib.s                   0x00000000   Number         0  boardinit2.o ABSOLUTE
    ../../angel/boardlib.s                   0x00000000   Number         0  boardinit3.o ABSOLUTE
    ../../angel/handlers.s                   0x00000000   Number         0  __scatter_zi.o ABSOLUTE
    ../../angel/handlers.s                   0x00000000   Number         0  __scatter_copy.o ABSOLUTE
    ../../angel/kernel.s                     0x00000000   Number         0  rtentry4.o ABSOLUTE
    ../../angel/kernel.s                     0x00000000   Number         0  rtexit.o ABSOLUTE
    ../../angel/kernel.s                     0x00000000   Number         0  rtentry2.o ABSOLUTE
    ../../angel/kernel.s                     0x00000000   Number         0  rtentry.o ABSOLUTE
    ../../angel/kernel.s                     0x00000000   Number         0  rtexit2.o ABSOLUTE
    ../../angel/rt.s                         0x00000000   Number         0  rt_raise.o ABSOLUTE
    ../../angel/scatter.s                    0x00000000   Number         0  __scatter.o ABSOLUTE
    ../../angel/startup.s                    0x00000000   Number         0  __main.o ABSOLUTE
    ../../angel/sys.s                        0x00000000   Number         0  sys_stackheap_outer.o ABSOLUTE
    ../../angel/sys.s                        0x00000000   Number         0  sys_exit.o ABSOLUTE
    ../../angel/sys.s                        0x00000000   Number         0  use_no_semi.o ABSOLUTE
    ../../angel/sys.s                        0x00000000   Number         0  libspace.o ABSOLUTE
    ../../angel/sysapp.c                     0x00000000   Number         0  sys_command.o ABSOLUTE
    ../../angel/sysapp.c                     0x00000000   Number         0  sys_wrch.o ABSOLUTE
    ../../armsys.c                           0x00000000   Number         0  _get_argv_nomalloc.o ABSOLUTE
    ../../armsys.c                           0x00000000   Number         0  no_argv.o ABSOLUTE
    ../../armsys.c                           0x00000000   Number         0  argv_veneer.o ABSOLUTE
    ../../armsys.c                           0x00000000   Number         0  argv_veneer.o ABSOLUTE
    ../../fpinit.s                           0x00000000   Number         0  fpinit.o ABSOLUTE
    ../../heapalloc.c                        0x00000000   Number         0  hrguard.o ABSOLUTE
    ../../heapaux.c                          0x00000000   Number         0  heapauxi.o ABSOLUTE
    ../../libinit.s                          0x00000000   Number         0  libinit2.o ABSOLUTE
    ../../libinit.s                          0x00000000   Number         0  libshutdown.o ABSOLUTE
    ../../libinit.s                          0x00000000   Number         0  libshutdown2.o ABSOLUTE
    ../../libinit.s                          0x00000000   Number         0  libinit.o ABSOLUTE
    ../../signal.c                           0x00000000   Number         0  defsig_general.o ABSOLUTE
    ../../signal.c                           0x00000000   Number         0  defsig_rtmem_inner.o ABSOLUTE
    ../../signal.c                           0x00000000   Number         0  defsig_exit.o ABSOLUTE
    ../../signal.c                           0x00000000   Number         0  defsig_rtmem_formal.o ABSOLUTE
    ../../signal.c                           0x00000000   Number         0  defsig_rtmem_outer.o ABSOLUTE
    ../../signal.c                           0x00000000   Number         0  __raise.o ABSOLUTE
    ../../signal.c                           0x00000000   Number         0  defsig_other.o ABSOLUTE
    ../../signal.c                           0x00000000   Number         0  defsig_segv_inner.o ABSOLUTE
    ../../signal.c                           0x00000000   Number         0  defsig_cppl_inner.o ABSOLUTE
    ../../signal.c                           0x00000000   Number         0  defsig_pvfn_inner.o ABSOLUTE
    ../../signal.c                           0x00000000   Number         0  defsig_stak_inner.o ABSOLUTE
    ../../signal.c                           0x00000000   Number         0  defsig_rtred_inner.o ABSOLUTE
    ../../signal.c                           0x00000000   Number         0  defsig_fpe_inner.o ABSOLUTE
    ../../signal.c                           0x00000000   Number         0  defsig_abrt_inner.o ABSOLUTE
    ../../signal.s                           0x00000000   Number         0  defsig.o ABSOLUTE
    ../../stdlib.c                           0x00000000   Number         0  exit.o ABSOLUTE
    Core\cortexm3_macro.s                    0x00000000   Number         0  cortexm3_macro.o ABSOLUTE
    Core\stm32f10x_vector.s                  0x00000000   Number         0  stm32f10x_vector.o ABSOLUTE
    FWLib\src\stm32f10x_dbgmcu.c             0x00000000   Number         0  stm32f10x_dbgmcu.o ABSOLUTE
    FWLib\src\stm32f10x_exti.c               0x00000000   Number         0  stm32f10x_exti.o ABSOLUTE
    FWLib\src\stm32f10x_flash.c              0x00000000   Number         0  stm32f10x_flash.o ABSOLUTE
    FWLib\src\stm32f10x_fsmc.c               0x00000000   Number         0  stm32f10x_fsmc.o ABSOLUTE
    FWLib\src\stm32f10x_gpio.c               0x00000000   Number         0  stm32f10x_gpio.o ABSOLUTE
    FWLib\src\stm32f10x_lib.c                0x00000000   Number         0  stm32f10x_lib.o ABSOLUTE
    FWLib\src\stm32f10x_nvic.c               0x00000000   Number         0  stm32f10x_nvic.o ABSOLUTE
    FWLib\src\stm32f10x_rcc.c                0x00000000   Number         0  stm32f10x_rcc.o ABSOLUTE
    FWLib\src\stm32f10x_sdio.c               0x00000000   Number         0  stm32f10x_sdio.o ABSOLUTE
    FWLib\src\stm32f10x_spi.c                0x00000000   Number         0  stm32f10x_spi.o ABSOLUTE
    FWLib\src\stm32f10x_systick.c            0x00000000   Number         0  stm32f10x_systick.o ABSOLUTE
    FWLib\src\stm32f10x_tim.c                0x00000000   Number         0  stm32f10x_tim.o ABSOLUTE
    FWLib\src\stm32f10x_usart.c              0x00000000   Number         0  stm32f10x_usart.o ABSOLUTE
    User\main.c                              0x00000000   Number         0  main.o ABSOLUTE
    User\stm32f10x_it.c                      0x00000000   Number         0  stm32f10x_it.o ABSOLUTE
    dc.s                                     0x00000000   Number         0  dc.o ABSOLUTE
    RESET                                    0x08000000   Section      304  stm32f10x_vector.o(RESET)
    !!!main                                  0x08000130   Section        8  __main.o(!!!main)
    !!!scatter                               0x08000138   Section       52  __scatter.o(!!!scatter)
    !!handler_copy                           0x0800016c   Section       26  __scatter_copy.o(!!handler_copy)
    !!handler_zi                             0x08000188   Section       28  __scatter_zi.o(!!handler_zi)
    .ARM.Collect$$libinit$$00000000          0x080001a4   Section        6  libinit.o(.ARM.Collect$$libinit$$00000000)
    .ARM.Collect$$libinit$$00000006          0x080001aa   Section        0  libinit2.o(.ARM.Collect$$libinit$$00000006)
    .ARM.Collect$$libinit$$00000008          0x080001aa   Section        0  libinit2.o(.ARM.Collect$$libinit$$00000008)
    .ARM.Collect$$libinit$$0000000A          0x080001aa   Section        0  libinit2.o(.ARM.Collect$$libinit$$0000000A)
    .ARM.Collect$$libinit$$0000000D          0x080001aa   Section        0  libinit2.o(.ARM.Collect$$libinit$$0000000D)
    .ARM.Collect$$libinit$$0000000F          0x080001aa   Section        0  libinit2.o(.ARM.Collect$$libinit$$0000000F)
    .ARM.Collect$$libinit$$00000011          0x080001aa   Section        0  libinit2.o(.ARM.Collect$$libinit$$00000011)
    .ARM.Collect$$libinit$$00000013          0x080001aa   Section        0  libinit2.o(.ARM.Collect$$libinit$$00000013)
    .ARM.Collect$$libinit$$00000015          0x080001aa   Section        0  libinit2.o(.ARM.Collect$$libinit$$00000015)
    .ARM.Collect$$libinit$$00000017          0x080001aa   Section        0  libinit2.o(.ARM.Collect$$libinit$$00000017)
    .ARM.Collect$$libinit$$00000019          0x080001aa   Section        0  libinit2.o(.ARM.Collect$$libinit$$00000019)
    .ARM.Collect$$libinit$$0000001B          0x080001aa   Section        0  libinit2.o(.ARM.Collect$$libinit$$0000001B)
    .ARM.Collect$$libinit$$0000001D          0x080001aa   Section        0  libinit2.o(.ARM.Collect$$libinit$$0000001D)
    .ARM.Collect$$libinit$$0000001F          0x080001aa   Section        0  libinit2.o(.ARM.Collect$$libinit$$0000001F)
    .ARM.Collect$$libinit$$00000021          0x080001aa   Section        0  libinit2.o(.ARM.Collect$$libinit$$00000021)
    .ARM.Collect$$libinit$$00000028          0x080001aa   Section        0  libinit2.o(.ARM.Collect$$libinit$$00000028)
    .ARM.Collect$$libinit$$0000002A          0x080001aa   Section        0  libinit2.o(.ARM.Collect$$libinit$$0000002A)
    .ARM.Collect$$libinit$$0000002C          0x080001aa   Section        0  libinit2.o(.ARM.Collect$$libinit$$0000002C)
    .ARM.Collect$$libinit$$0000002E          0x080001aa   Section        0  libinit2.o(.ARM.Collect$$libinit$$0000002E)
    .ARM.Collect$$libinit$$0000002F          0x080001aa   Section        2  libinit2.o(.ARM.Collect$$libinit$$0000002F)
    .ARM.Collect$$libshutdown$$00000000      0x080001ac   Section        2  libshutdown.o(.ARM.Collect$$libshutdown$$00000000)
    .ARM.Collect$$libshutdown$$00000003      0x080001ae   Section        0  libshutdown2.o(.ARM.Collect$$libshutdown$$00000003)
    .ARM.Collect$$libshutdown$$00000006      0x080001ae   Section        0  libshutdown2.o(.ARM.Collect$$libshutdown$$00000006)
    .ARM.Collect$$libshutdown$$00000009      0x080001ae   Section        0  libshutdown2.o(.ARM.Collect$$libshutdown$$00000009)
    .ARM.Collect$$libshutdown$$0000000B      0x080001ae   Section        0  libshutdown2.o(.ARM.Collect$$libshutdown$$0000000B)
    .ARM.Collect$$libshutdown$$0000000E      0x080001ae   Section        0  libshutdown2.o(.ARM.Collect$$libshutdown$$0000000E)
    .ARM.Collect$$libshutdown$$0000000F      0x080001ae   Section        2  libshutdown2.o(.ARM.Collect$$libshutdown$$0000000F)
    .ARM.Collect$$rtentry$$00000000          0x080001b0   Section        0  rtentry.o(.ARM.Collect$$rtentry$$00000000)
    .ARM.Collect$$rtentry$$00000002          0x080001b0   Section        0  rtentry2.o(.ARM.Collect$$rtentry$$00000002)
    .ARM.Collect$$rtentry$$00000004          0x080001b0   Section        6  rtentry4.o(.ARM.Collect$$rtentry$$00000004)
    .ARM.Collect$$rtentry$$00000009          0x080001b6   Section        0  rtentry2.o(.ARM.Collect$$rtentry$$00000009)
    .ARM.Collect$$rtentry$$0000000A          0x080001b6   Section        4  rtentry2.o(.ARM.Collect$$rtentry$$0000000A)
    .ARM.Collect$$rtentry$$0000000C          0x080001ba   Section        0  rtentry2.o(.ARM.Collect$$rtentry$$0000000C)
    .ARM.Collect$$rtentry$$0000000D          0x080001ba   Section        8  rtentry2.o(.ARM.Collect$$rtentry$$0000000D)
    .ARM.Collect$$rtexit$$00000000           0x080001c2   Section        0  rtexit.o(.ARM.Collect$$rtexit$$00000000)
    .ARM.Collect$$rtexit$$00000002           0x080001c2   Section        0  rtexit2.o(.ARM.Collect$$rtexit$$00000002)
    .ARM.Collect$$rtexit$$00000003           0x080001c2   Section        4  rtexit2.o(.ARM.Collect$$rtexit$$00000003)
    .ARM.Collect$$rtexit$$00000004           0x080001c6   Section        4  rtexit2.o(.ARM.Collect$$rtexit$$00000004)
    .text                                    0x080001cc   Section      924  main.o(.text)
    .text                                    0x08000568   Section      158  stm32f10x_it.o(.text)
    .text                                    0x08000608   Section      122  cortexm3_macro.o(.text)
    .text                                    0x08000684   Section       36  stm32f10x_vector.o(.text)
    .text                                    0x080006a8   Section     1328  stm32f10x_flash.o(.text)
    delay                                    0x08000737   Thumb Code    14  stm32f10x_flash.o(.text)
    .text                                    0x08000bd8   Section      792  stm32f10x_gpio.o(.text)
    .text                                    0x08000ef0   Section     1004  stm32f10x_nvic.o(.text)
    .text                                    0x080012dc   Section      928  stm32f10x_rcc.o(.text)
    .text                                    0x0800167c   Section      824  stm32f10x_spi.o(.text)
    .text                                    0x080019b4   Section      194  stm32f10x_systick.o(.text)
    .text                                    0x08001a78   Section      880  stm32f10x_usart.o(.text)
    .text                                    0x08001de8   Section        6  heapauxi.o(.text)
    .text                                    0x08001dee   Section       74  sys_stackheap_outer.o(.text)
    .text                                    0x08001e38   Section       12  exit.o(.text)
    .text                                    0x08001e44   Section        8  libspace.o(.text)
    .text                                    0x08001e4c   Section       20  sys_exit.o(.text)
    .text                                    0x08001e60   Section        2  use_no_semi.o(.text)
    .constdata                               0x08001e62   Section       20  stm32f10x_rcc.o(.constdata)
    APBAHBPrescTable                         0x08001e62   Data          16  stm32f10x_rcc.o(.constdata)
    ADCPrescTable                            0x08001e72   Data           4  stm32f10x_rcc.o(.constdata)
    .data                                    0x20000000   Section       11  main.o(.data)
    .data                                    0x2000000c   Section        5  stm32f10x_rcc.o(.data)
    StartUpCounter                           0x2000000c   Data           4  stm32f10x_rcc.o(.data)
    HSEStatus                                0x20000010   Data           1  stm32f10x_rcc.o(.data)
    .bss                                     0x20000014   Section       34  main.o(.bss)
    .bss                                     0x20000038   Section       96  libspace.o(.bss)
    HEAP                                     0x20000098   Section     1024  stm32f10x_vector.o(HEAP)
    Heap_Mem                                 0x20000098   Data        1024  stm32f10x_vector.o(HEAP)
    STACK                                    0x20000498   Section     1024  stm32f10x_vector.o(STACK)
    Stack_Mem                                0x20000498   Data        1024  stm32f10x_vector.o(STACK)
    __initial_sp                             0x20000898   Data           0  stm32f10x_vector.o(STACK)

    Global Symbols

    Symbol Name                              Value     Ov Type        Size  Object(Section)

    BuildAttributes$$THM_ISAv4$P$D$K$B$S$PE$A:L22UL41UL21$X:L11$S22US41US21$IEEE1$IW$USESV6$~STKCKD$USESV7$~SHL$OSPACE$ROPI$EBA8$UX$STANDARDLIB$REQ8$PRES8$EABIv2 0x00000000   Number         0  anon$$obj.o ABSOLUTE
    __ARM_use_no_argv                        0x00000000   Number         0  main.o ABSOLUTE
    __ARM_exceptions_init                     - Undefined Weak Reference
    __alloca_initialize                       - Undefined Weak Reference
    __cpp_initialize__aeabi_                  - Undefined Weak Reference
    __cxa_finalize                            - Undefined Weak Reference
    __rt_locale                               - Undefined Weak Reference
    __sigvec_lookup                           - Undefined Weak Reference
    _atexit_init                              - Undefined Weak Reference
    _call_atexit_fns                          - Undefined Weak Reference
    _clock_init                               - Undefined Weak Reference
    _fp_trap_init                             - Undefined Weak Reference
    _fp_trap_shutdown                         - Undefined Weak Reference
    _get_lc_collate                           - Undefined Weak Reference
    _get_lc_ctype                             - Undefined Weak Reference
    _get_lc_monetary                          - Undefined Weak Reference
    _get_lc_numeric                           - Undefined Weak Reference
    _get_lc_time                              - Undefined Weak Reference
    _getenv_init                              - Undefined Weak Reference
    _handle_redirection                       - Undefined Weak Reference
    _init_alloc                               - Undefined Weak Reference
    _init_user_alloc                          - Undefined Weak Reference
    _initio                                   - Undefined Weak Reference
    _rand_init                                - Undefined Weak Reference
    _signal_finish                            - Undefined Weak Reference
    _signal_init                              - Undefined Weak Reference
    _terminate_alloc                          - Undefined Weak Reference
    _terminate_user_alloc                     - Undefined Weak Reference
    _terminateio                              - Undefined Weak Reference
    __Vectors                                0x08000000   Data           4  stm32f10x_vector.o(RESET)
    __main                                   0x08000131   Thumb Code     8  __main.o(!!!main)
    __scatterload                            0x08000139   Thumb Code     0  __scatter.o(!!!scatter)
    __scatterload_rt2                        0x08000139   Thumb Code    44  __scatter.o(!!!scatter)
    __scatterload_rt2_thumb_only             0x08000139   Thumb Code     0  __scatter.o(!!!scatter)
    __scatterload_null                       0x08000147   Thumb Code     0  __scatter.o(!!!scatter)
    __scatterload_copy                       0x0800016d   Thumb Code    26  __scatter_copy.o(!!handler_copy)
    __scatterload_zeroinit                   0x08000189   Thumb Code    28  __scatter_zi.o(!!handler_zi)
    __rt_lib_init                            0x080001a5   Thumb Code     0  libinit.o(.ARM.Collect$$libinit$$00000000)
    __rt_lib_init_alloca_1                   0x080001ab   Thumb Code     0  libinit2.o(.ARM.Collect$$libinit$$0000002A)
    __rt_lib_init_argv_1                     0x080001ab   Thumb Code     0  libinit2.o(.ARM.Collect$$libinit$$00000028)
    __rt_lib_init_atexit_1                   0x080001ab   Thumb Code     0  libinit2.o(.ARM.Collect$$libinit$$00000017)
    __rt_lib_init_clock_1                    0x080001ab   Thumb Code     0  libinit2.o(.ARM.Collect$$libinit$$0000001D)
    __rt_lib_init_cpp_1                      0x080001ab   Thumb Code     0  libinit2.o(.ARM.Collect$$libinit$$0000002E)
    __rt_lib_init_exceptions_1               0x080001ab   Thumb Code     0  libinit2.o(.ARM.Collect$$libinit$$0000002C)
    __rt_lib_init_fp_trap_1                  0x080001ab   Thumb Code     0  libinit2.o(.ARM.Collect$$libinit$$0000001B)
    __rt_lib_init_getenv_1                   0x080001ab   Thumb Code     0  libinit2.o(.ARM.Collect$$libinit$$0000001F)
    __rt_lib_init_heap_1                     0x080001ab   Thumb Code     0  libinit2.o(.ARM.Collect$$libinit$$00000006)
    __rt_lib_init_lc_collate_1               0x080001ab   Thumb Code     0  libinit2.o(.ARM.Collect$$libinit$$0000000D)
    __rt_lib_init_lc_ctype_1                 0x080001ab   Thumb Code     0  libinit2.o(.ARM.Collect$$libinit$$0000000F)
    __rt_lib_init_lc_monetary_1              0x080001ab   Thumb Code     0  libinit2.o(.ARM.Collect$$libinit$$00000011)
    __rt_lib_init_lc_numeric_1               0x080001ab   Thumb Code     0  libinit2.o(.ARM.Collect$$libinit$$00000013)
    __rt_lib_init_lc_time_1                  0x080001ab   Thumb Code     0  libinit2.o(.ARM.Collect$$libinit$$00000015)
    __rt_lib_init_rand_1                     0x080001ab   Thumb Code     0  libinit2.o(.ARM.Collect$$libinit$$0000000A)
    __rt_lib_init_return                     0x080001ab   Thumb Code     0  libinit2.o(.ARM.Collect$$libinit$$0000002F)
    __rt_lib_init_signal_1                   0x080001ab   Thumb Code     0  libinit2.o(.ARM.Collect$$libinit$$00000019)
    __rt_lib_init_stdio_1                    0x080001ab   Thumb Code     0  libinit2.o(.ARM.Collect$$libinit$$00000021)
    __rt_lib_init_user_alloc_1               0x080001ab   Thumb Code     0  libinit2.o(.ARM.Collect$$libinit$$00000008)
    __rt_lib_shutdown                        0x080001ad   Thumb Code     0  libshutdown.o(.ARM.Collect$$libshutdown$$00000000)
    __rt_lib_shutdown_fp_trap_1              0x080001af   Thumb Code     0  libshutdown2.o(.ARM.Collect$$libshutdown$$00000006)
    __rt_lib_shutdown_heap_1                 0x080001af   Thumb Code     0  libshutdown2.o(.ARM.Collect$$libshutdown$$0000000E)
    __rt_lib_shutdown_return                 0x080001af   Thumb Code     0  libshutdown2.o(.ARM.Collect$$libshutdown$$0000000F)
    __rt_lib_shutdown_signal_1               0x080001af   Thumb Code     0  libshutdown2.o(.ARM.Collect$$libshutdown$$00000009)
    __rt_lib_shutdown_stdio_1                0x080001af   Thumb Code     0  libshutdown2.o(.ARM.Collect$$libshutdown$$00000003)
    __rt_lib_shutdown_user_alloc_1           0x080001af   Thumb Code     0  libshutdown2.o(.ARM.Collect$$libshutdown$$0000000B)
    __rt_entry                               0x080001b1   Thumb Code     0  rtentry.o(.ARM.Collect$$rtentry$$00000000)
    __rt_entry_presh_1                       0x080001b1   Thumb Code     0  rtentry2.o(.ARM.Collect$$rtentry$$00000002)
    __rt_entry_sh                            0x080001b1   Thumb Code     0  rtentry4.o(.ARM.Collect$$rtentry$$00000004)
    __rt_entry_li                            0x080001b7   Thumb Code     0  rtentry2.o(.ARM.Collect$$rtentry$$0000000A)
    __rt_entry_postsh_1                      0x080001b7   Thumb Code     0  rtentry2.o(.ARM.Collect$$rtentry$$00000009)
    __rt_entry_main                          0x080001bb   Thumb Code     0  rtentry2.o(.ARM.Collect$$rtentry$$0000000D)
    __rt_entry_postli_1                      0x080001bb   Thumb Code     0  rtentry2.o(.ARM.Collect$$rtentry$$0000000C)
    __rt_exit                                0x080001c3   Thumb Code     0  rtexit.o(.ARM.Collect$$rtexit$$00000000)
    __rt_exit_ls                             0x080001c3   Thumb Code     0  rtexit2.o(.ARM.Collect$$rtexit$$00000003)
    __rt_exit_prels_1                        0x080001c3   Thumb Code     0  rtexit2.o(.ARM.Collect$$rtexit$$00000002)
    __rt_exit_exit                           0x080001c7   Thumb Code     0  rtexit2.o(.ARM.Collect$$rtexit$$00000004)
    Delay_ms                                 0x080001cd   Thumb Code    38  main.o(.text)
    Magneto_Data_Updata                      0x080001f3   Thumb Code   112  main.o(.text)
    Led_On                                   0x08000263   Thumb Code    24  main.o(.text)
    Led_Off                                  0x0800027b   Thumb Code    24  main.o(.text)
    Magneto_Enable                           0x08000293   Thumb Code    20  main.o(.text)
    Magneto_Disable                          0x080002a7   Thumb Code    20  main.o(.text)
    USART1_Interrupt                         0x080002bb   Thumb Code    34  main.o(.text)
    USART1_SendInt                           0x080002dd   Thumb Code    60  main.o(.text)
    SysTick_Interrupt                        0x08000319   Thumb Code    18  main.o(.text)
    USART_Configuration                      0x0800032b   Thumb Code    52  main.o(.text)
    SPI_Configuration                        0x0800035f   Thumb Code    64  main.o(.text)
    SysTick_Configuration                    0x0800039f   Thumb Code    36  main.o(.text)
    GPIO_Configuration                       0x080003c3   Thumb Code    88  main.o(.text)
    NVIC_Configuration                       0x0800041b   Thumb Code    48  main.o(.text)
    RCC_Configuration                        0x0800044b   Thumb Code   120  main.o(.text)
    stm32_Init                               0x080004c3   Thumb Code    28  main.o(.text)
    main                                     0x080004df   Thumb Code   102  main.o(.text)
    NMIException                             0x08000569   Thumb Code     2  stm32f10x_it.o(.text)
    HardFaultException                       0x0800056b   Thumb Code     4  stm32f10x_it.o(.text)
    MemManageException                       0x0800056f   Thumb Code     4  stm32f10x_it.o(.text)
    BusFaultException                        0x08000573   Thumb Code     4  stm32f10x_it.o(.text)
    UsageFaultException                      0x08000577   Thumb Code     4  stm32f10x_it.o(.text)
    DebugMonitor                             0x0800057b   Thumb Code     2  stm32f10x_it.o(.text)
    SVCHandler                               0x0800057d   Thumb Code     2  stm32f10x_it.o(.text)
    PendSVC                                  0x0800057f   Thumb Code     2  stm32f10x_it.o(.text)
    SysTickHandler                           0x08000581   Thumb Code     8  stm32f10x_it.o(.text)
    WWDG_IRQHandler                          0x08000589   Thumb Code     2  stm32f10x_it.o(.text)
    PVD_IRQHandler                           0x0800058b   Thumb Code     2  stm32f10x_it.o(.text)
    TAMPER_IRQHandler                        0x0800058d   Thumb Code     2  stm32f10x_it.o(.text)
    RTC_IRQHandler                           0x0800058f   Thumb Code     2  stm32f10x_it.o(.text)
    FLASH_IRQHandler                         0x08000591   Thumb Code     2  stm32f10x_it.o(.text)
    RCC_IRQHandler                           0x08000593   Thumb Code     2  stm32f10x_it.o(.text)
    EXTI0_IRQHandler                         0x08000595   Thumb Code     2  stm32f10x_it.o(.text)
    EXTI1_IRQHandler                         0x08000597   Thumb Code     2  stm32f10x_it.o(.text)
    EXTI2_IRQHandler                         0x08000599   Thumb Code     2  stm32f10x_it.o(.text)
    EXTI3_IRQHandler                         0x0800059b   Thumb Code     2  stm32f10x_it.o(.text)
    EXTI4_IRQHandler                         0x0800059d   Thumb Code     2  stm32f10x_it.o(.text)
    DMA1_Channel1_IRQHandler                 0x0800059f   Thumb Code     2  stm32f10x_it.o(.text)
    DMA1_Channel2_IRQHandler                 0x080005a1   Thumb Code     2  stm32f10x_it.o(.text)
    DMA1_Channel3_IRQHandler                 0x080005a3   Thumb Code     2  stm32f10x_it.o(.text)
    DMA1_Channel4_IRQHandler                 0x080005a5   Thumb Code     2  stm32f10x_it.o(.text)
    DMA1_Channel5_IRQHandler                 0x080005a7   Thumb Code     2  stm32f10x_it.o(.text)
    DMA1_Channel6_IRQHandler                 0x080005a9   Thumb Code     2  stm32f10x_it.o(.text)
    DMA1_Channel7_IRQHandler                 0x080005ab   Thumb Code     2  stm32f10x_it.o(.text)
    ADC1_2_IRQHandler                        0x080005ad   Thumb Code     2  stm32f10x_it.o(.text)
    USB_HP_CAN_TX_IRQHandler                 0x080005af   Thumb Code     2  stm32f10x_it.o(.text)
    USB_LP_CAN_RX0_IRQHandler                0x080005b1   Thumb Code     2  stm32f10x_it.o(.text)
    CAN_RX1_IRQHandler                       0x080005b3   Thumb Code     2  stm32f10x_it.o(.text)
    CAN_SCE_IRQHandler                       0x080005b5   Thumb Code     2  stm32f10x_it.o(.text)
    EXTI9_5_IRQHandler                       0x080005b7   Thumb Code     2  stm32f10x_it.o(.text)
    TIM1_BRK_IRQHandler                      0x080005b9   Thumb Code     2  stm32f10x_it.o(.text)
    TIM1_UP_IRQHandler                       0x080005bb   Thumb Code     2  stm32f10x_it.o(.text)
    TIM1_TRG_COM_IRQHandler                  0x080005bd   Thumb Code     2  stm32f10x_it.o(.text)
    TIM1_CC_IRQHandler                       0x080005bf   Thumb Code     2  stm32f10x_it.o(.text)
    TIM2_IRQHandler                          0x080005c1   Thumb Code     2  stm32f10x_it.o(.text)
    TIM3_IRQHandler                          0x080005c3   Thumb Code     2  stm32f10x_it.o(.text)
    TIM4_IRQHandler                          0x080005c5   Thumb Code     2  stm32f10x_it.o(.text)
    I2C1_EV_IRQHandler                       0x080005c7   Thumb Code     2  stm32f10x_it.o(.text)
    I2C1_ER_IRQHandler                       0x080005c9   Thumb Code     2  stm32f10x_it.o(.text)
    I2C2_EV_IRQHandler                       0x080005cb   Thumb Code     2  stm32f10x_it.o(.text)
    I2C2_ER_IRQHandler                       0x080005cd   Thumb Code     2  stm32f10x_it.o(.text)
    SPI1_IRQHandler                          0x080005cf   Thumb Code     2  stm32f10x_it.o(.text)
    SPI2_IRQHandler                          0x080005d1   Thumb Code     2  stm32f10x_it.o(.text)
    USART1_IRQHandler                        0x080005d3   Thumb Code     8  stm32f10x_it.o(.text)
    USART2_IRQHandler                        0x080005db   Thumb Code     2  stm32f10x_it.o(.text)
    USART3_IRQHandler                        0x080005dd   Thumb Code     2  stm32f10x_it.o(.text)
    EXTI15_10_IRQHandler                     0x080005df   Thumb Code     2  stm32f10x_it.o(.text)
    RTCAlarm_IRQHandler                      0x080005e1   Thumb Code     2  stm32f10x_it.o(.text)
    USBWakeUp_IRQHandler                     0x080005e3   Thumb Code     2  stm32f10x_it.o(.text)
    TIM8_BRK_IRQHandler                      0x080005e5   Thumb Code     2  stm32f10x_it.o(.text)
    TIM8_UP_IRQHandler                       0x080005e7   Thumb Code     2  stm32f10x_it.o(.text)
    TIM8_TRG_COM_IRQHandler                  0x080005e9   Thumb Code     2  stm32f10x_it.o(.text)
    TIM8_CC_IRQHandler                       0x080005eb   Thumb Code     2  stm32f10x_it.o(.text)
    ADC3_IRQHandler                          0x080005ed   Thumb Code     2  stm32f10x_it.o(.text)
    FSMC_IRQHandler                          0x080005ef   Thumb Code     2  stm32f10x_it.o(.text)
    SDIO_IRQHandler                          0x080005f1   Thumb Code     2  stm32f10x_it.o(.text)
    TIM5_IRQHandler                          0x080005f3   Thumb Code     2  stm32f10x_it.o(.text)
    SPI3_IRQHandler                          0x080005f5   Thumb Code     2  stm32f10x_it.o(.text)
    UART4_IRQHandler                         0x080005f7   Thumb Code     2  stm32f10x_it.o(.text)
    UART5_IRQHandler                         0x080005f9   Thumb Code     2  stm32f10x_it.o(.text)
    TIM6_IRQHandler                          0x080005fb   Thumb Code     2  stm32f10x_it.o(.text)
    TIM7_IRQHandler                          0x080005fd   Thumb Code     2  stm32f10x_it.o(.text)
    DMA2_Channel1_IRQHandler                 0x080005ff   Thumb Code     2  stm32f10x_it.o(.text)
    DMA2_Channel2_IRQHandler                 0x08000601   Thumb Code     2  stm32f10x_it.o(.text)
    DMA2_Channel3_IRQHandler                 0x08000603   Thumb Code     2  stm32f10x_it.o(.text)
    DMA2_Channel4_5_IRQHandler               0x08000605   Thumb Code     2  stm32f10x_it.o(.text)
    __WFI                                    0x08000609   Thumb Code     0  cortexm3_macro.o(.text)
    __WFE                                    0x0800060d   Thumb Code     0  cortexm3_macro.o(.text)
    __SEV                                    0x08000611   Thumb Code     0  cortexm3_macro.o(.text)
    __ISB                                    0x08000615   Thumb Code     0  cortexm3_macro.o(.text)
    __DSB                                    0x0800061b   Thumb Code     0  cortexm3_macro.o(.text)
    __DMB                                    0x08000621   Thumb Code     0  cortexm3_macro.o(.text)
    __SVC                                    0x08000627   Thumb Code     0  cortexm3_macro.o(.text)
    __MRS_CONTROL                            0x0800062b   Thumb Code     0  cortexm3_macro.o(.text)
    __MSR_CONTROL                            0x08000631   Thumb Code     0  cortexm3_macro.o(.text)
    __MRS_PSP                                0x0800063b   Thumb Code     0  cortexm3_macro.o(.text)
    __MSR_PSP                                0x08000641   Thumb Code     0  cortexm3_macro.o(.text)
    __MRS_MSP                                0x08000647   Thumb Code     0  cortexm3_macro.o(.text)
    __MSR_MSP                                0x0800064d   Thumb Code     0  cortexm3_macro.o(.text)
    __RESETPRIMASK                           0x08000653   Thumb Code     0  cortexm3_macro.o(.text)
    __SETPRIMASK                             0x08000657   Thumb Code     0  cortexm3_macro.o(.text)
    __READ_PRIMASK                           0x0800065b   Thumb Code     0  cortexm3_macro.o(.text)
    __SETFAULTMASK                           0x08000661   Thumb Code     0  cortexm3_macro.o(.text)
    __RESETFAULTMASK                         0x08000665   Thumb Code     0  cortexm3_macro.o(.text)
    __READ_FAULTMASK                         0x08000669   Thumb Code     0  cortexm3_macro.o(.text)
    __BASEPRICONFIG                          0x0800066f   Thumb Code     0  cortexm3_macro.o(.text)
    __GetBASEPRI                             0x08000675   Thumb Code     0  cortexm3_macro.o(.text)
    __REV_HalfWord                           0x0800067b   Thumb Code     0  cortexm3_macro.o(.text)
    __REV_Word                               0x0800067f   Thumb Code     0  cortexm3_macro.o(.text)
    Reset_Handler                            0x08000685   Thumb Code     4  stm32f10x_vector.o(.text)
    __user_initial_stackheap                 0x08000689   Thumb Code     0  stm32f10x_vector.o(.text)
    FLASH_SetLatency                         0x080006a9   Thumb Code    22  stm32f10x_flash.o(.text)
    FLASH_HalfCycleAccessCmd                 0x080006bf   Thumb Code    22  stm32f10x_flash.o(.text)
    FLASH_PrefetchBufferCmd                  0x080006d5   Thumb Code    22  stm32f10x_flash.o(.text)
    FLASH_Unlock                             0x080006eb   Thumb Code    12  stm32f10x_flash.o(.text)
    FLASH_Lock                               0x080006f7   Thumb Code    14  stm32f10x_flash.o(.text)
    FLASH_GetStatus                          0x08000705   Thumb Code    50  stm32f10x_flash.o(.text)
    FLASH_WaitForLastOperation               0x08000745   Thumb Code    42  stm32f10x_flash.o(.text)
    FLASH_ErasePage                          0x0800076f   Thumb Code    76  stm32f10x_flash.o(.text)
    FLASH_EraseAllPages                      0x080007bb   Thumb Code    72  stm32f10x_flash.o(.text)
    FLASH_EraseOptionBytes                   0x08000803   Thumb Code   142  stm32f10x_flash.o(.text)
    FLASH_ProgramWord                        0x08000891   Thumb Code   100  stm32f10x_flash.o(.text)
    FLASH_ProgramHalfWord                    0x080008f5   Thumb Code    64  stm32f10x_flash.o(.text)
    FLASH_ProgramOptionByteData              0x08000935   Thumb Code    72  stm32f10x_flash.o(.text)
    FLASH_EnableWriteProtection              0x0800097d   Thumb Code   188  stm32f10x_flash.o(.text)
    FLASH_ReadOutProtection                  0x08000a39   Thumb Code   178  stm32f10x_flash.o(.text)
    FLASH_UserOptionByteConfig               0x08000aeb   Thumb Code    94  stm32f10x_flash.o(.text)
    FLASH_GetUserOptionByte                  0x08000b49   Thumb Code     8  stm32f10x_flash.o(.text)
    FLASH_GetWriteProtectionOptionByte       0x08000b51   Thumb Code     6  stm32f10x_flash.o(.text)
    FLASH_GetReadOutProtectionStatus         0x08000b57   Thumb Code    20  stm32f10x_flash.o(.text)
    FLASH_GetPrefetchBufferStatus            0x08000b6b   Thumb Code    20  stm32f10x_flash.o(.text)
    FLASH_ITConfig                           0x08000b7f   Thumb Code    26  stm32f10x_flash.o(.text)
    FLASH_GetFlagStatus                      0x08000b99   Thumb Code    42  stm32f10x_flash.o(.text)
    FLASH_ClearFlag                          0x08000bc3   Thumb Code     6  stm32f10x_flash.o(.text)
    GPIO_DeInit                              0x08000bd9   Thumb Code   188  stm32f10x_gpio.o(.text)
    GPIO_AFIODeInit                          0x08000c95   Thumb Code    20  stm32f10x_gpio.o(.text)
    GPIO_Init                                0x08000ca9   Thumb Code   266  stm32f10x_gpio.o(.text)
    GPIO_StructInit                          0x08000db3   Thumb Code    16  stm32f10x_gpio.o(.text)
    GPIO_ReadInputDataBit                    0x08000dc3   Thumb Code    18  stm32f10x_gpio.o(.text)
    GPIO_ReadInputData                       0x08000dd5   Thumb Code     8  stm32f10x_gpio.o(.text)
    GPIO_ReadOutputDataBit                   0x08000ddd   Thumb Code    18  stm32f10x_gpio.o(.text)
    GPIO_ReadOutputData                      0x08000def   Thumb Code     8  stm32f10x_gpio.o(.text)
    GPIO_SetBits                             0x08000df7   Thumb Code     4  stm32f10x_gpio.o(.text)
    GPIO_ResetBits                           0x08000dfb   Thumb Code     4  stm32f10x_gpio.o(.text)
    GPIO_WriteBit                            0x08000dff   Thumb Code    10  stm32f10x_gpio.o(.text)
    GPIO_Write                               0x08000e09   Thumb Code     4  stm32f10x_gpio.o(.text)
    GPIO_PinLockConfig                       0x08000e0d   Thumb Code    18  stm32f10x_gpio.o(.text)
    GPIO_EventOutputConfig                   0x08000e1f   Thumb Code    24  stm32f10x_gpio.o(.text)
    GPIO_EventOutputCmd                      0x08000e37   Thumb Code     6  stm32f10x_gpio.o(.text)
    GPIO_PinRemapConfig                      0x08000e3d   Thumb Code   104  stm32f10x_gpio.o(.text)
    GPIO_EXTILineConfig                      0x08000ea5   Thumb Code    60  stm32f10x_gpio.o(.text)
    NVIC_DeInit                              0x08000ef1   Thumb Code    54  stm32f10x_nvic.o(.text)
    NVIC_SCBDeInit                           0x08000f27   Thumb Code    92  stm32f10x_nvic.o(.text)
    NVIC_PriorityGroupConfig                 0x08000f83   Thumb Code    12  stm32f10x_nvic.o(.text)
    NVIC_Init                                0x08000f8f   Thumb Code   154  stm32f10x_nvic.o(.text)
    NVIC_StructInit                          0x08001029   Thumb Code    12  stm32f10x_nvic.o(.text)
    NVIC_SETPRIMASK                          0x08001035   Thumb Code     8  stm32f10x_nvic.o(.text)
    NVIC_RESETPRIMASK                        0x0800103d   Thumb Code     8  stm32f10x_nvic.o(.text)
    NVIC_SETFAULTMASK                        0x08001045   Thumb Code     8  stm32f10x_nvic.o(.text)
    NVIC_RESETFAULTMASK                      0x0800104d   Thumb Code     8  stm32f10x_nvic.o(.text)
    NVIC_BASEPRICONFIG                       0x08001055   Thumb Code    12  stm32f10x_nvic.o(.text)
    NVIC_GetBASEPRI                          0x08001061   Thumb Code     8  stm32f10x_nvic.o(.text)
    NVIC_GetCurrentPendingIRQChannel         0x08001069   Thumb Code    10  stm32f10x_nvic.o(.text)
    NVIC_GetIRQChannelPendingBitStatus       0x08001073   Thumb Code    42  stm32f10x_nvic.o(.text)
    NVIC_SetIRQChannelPendingBit             0x0800109d   Thumb Code     6  stm32f10x_nvic.o(.text)
    NVIC_ClearIRQChannelPendingBit           0x080010a3   Thumb Code    20  stm32f10x_nvic.o(.text)
    NVIC_GetCurrentActiveHandler             0x080010b7   Thumb Code    10  stm32f10x_nvic.o(.text)
    NVIC_GetIRQChannelActiveBitStatus        0x080010c1   Thumb Code    42  stm32f10x_nvic.o(.text)
    NVIC_GetCPUID                            0x080010eb   Thumb Code     8  stm32f10x_nvic.o(.text)
    NVIC_SetVectorTable                      0x080010f3   Thumb Code    14  stm32f10x_nvic.o(.text)
    NVIC_GenerateSystemReset                 0x08001101   Thumb Code    12  stm32f10x_nvic.o(.text)
    NVIC_GenerateCoreReset                   0x0800110d   Thumb Code    12  stm32f10x_nvic.o(.text)
    NVIC_SystemLPConfig                      0x08001119   Thumb Code    38  stm32f10x_nvic.o(.text)
    NVIC_SystemHandlerConfig                 0x0800113f   Thumb Code    52  stm32f10x_nvic.o(.text)
    NVIC_SystemHandlerPriorityConfig         0x08001173   Thumb Code    98  stm32f10x_nvic.o(.text)
    NVIC_GetSystemHandlerPendingBitStatus    0x080011d5   Thumb Code    44  stm32f10x_nvic.o(.text)
    NVIC_SetSystemHandlerPendingBit          0x08001201   Thumb Code    26  stm32f10x_nvic.o(.text)
    NVIC_ClearSystemHandlerPendingBit        0x0800121b   Thumb Code    30  stm32f10x_nvic.o(.text)
    NVIC_GetSystemHandlerActiveBitStatus     0x08001239   Thumb Code    42  stm32f10x_nvic.o(.text)
    NVIC_GetFaultHandlerSources              0x08001263   Thumb Code    66  stm32f10x_nvic.o(.text)
    NVIC_GetFaultAddress                     0x080012a5   Thumb Code    28  stm32f10x_nvic.o(.text)
    RCC_DeInit                               0x080012dd   Thumb Code    62  stm32f10x_rcc.o(.text)
    RCC_HSEConfig                            0x0800131b   Thumb Code    70  stm32f10x_rcc.o(.text)
    RCC_GetFlagStatus                        0x08001361   Thumb Code    56  stm32f10x_rcc.o(.text)
    RCC_WaitForHSEStartUp                    0x08001399   Thumb Code    62  stm32f10x_rcc.o(.text)
    RCC_AdjustHSICalibrationValue            0x080013d7   Thumb Code    18  stm32f10x_rcc.o(.text)
    RCC_HSICmd                               0x080013e9   Thumb Code     6  stm32f10x_rcc.o(.text)
    RCC_PLLConfig                            0x080013ef   Thumb Code    22  stm32f10x_rcc.o(.text)
    RCC_PLLCmd                               0x08001405   Thumb Code     6  stm32f10x_rcc.o(.text)
    RCC_SYSCLKConfig                         0x0800140b   Thumb Code    16  stm32f10x_rcc.o(.text)
    RCC_GetSYSCLKSource                      0x0800141b   Thumb Code    10  stm32f10x_rcc.o(.text)
    RCC_HCLKConfig                           0x08001425   Thumb Code    16  stm32f10x_rcc.o(.text)
    RCC_PCLK1Config                          0x08001435   Thumb Code    16  stm32f10x_rcc.o(.text)
    RCC_PCLK2Config                          0x08001445   Thumb Code    18  stm32f10x_rcc.o(.text)
    RCC_ITConfig                             0x08001457   Thumb Code    30  stm32f10x_rcc.o(.text)
    RCC_USBCLKConfig                         0x08001475   Thumb Code     8  stm32f10x_rcc.o(.text)
    RCC_ADCCLKConfig                         0x0800147d   Thumb Code    16  stm32f10x_rcc.o(.text)
    RCC_LSEConfig                            0x0800148d   Thumb Code    50  stm32f10x_rcc.o(.text)
    RCC_LSICmd                               0x080014bf   Thumb Code     6  stm32f10x_rcc.o(.text)
    RCC_RTCCLKConfig                         0x080014c5   Thumb Code    12  stm32f10x_rcc.o(.text)
    RCC_RTCCLKCmd                            0x080014d1   Thumb Code     8  stm32f10x_rcc.o(.text)
    RCC_GetClocksFreq                        0x080014d9   Thumb Code   194  stm32f10x_rcc.o(.text)
    RCC_AHBPeriphClockCmd                    0x0800159b   Thumb Code    26  stm32f10x_rcc.o(.text)
    RCC_APB2PeriphClockCmd                   0x080015b5   Thumb Code    26  stm32f10x_rcc.o(.text)
    RCC_APB1PeriphClockCmd                   0x080015cf   Thumb Code    26  stm32f10x_rcc.o(.text)
    RCC_APB2PeriphResetCmd                   0x080015e9   Thumb Code    26  stm32f10x_rcc.o(.text)
    RCC_APB1PeriphResetCmd                   0x08001603   Thumb Code    26  stm32f10x_rcc.o(.text)
    RCC_BackupResetCmd                       0x0800161d   Thumb Code     8  stm32f10x_rcc.o(.text)
    RCC_ClockSecuritySystemCmd               0x08001625   Thumb Code     6  stm32f10x_rcc.o(.text)
    RCC_MCOConfig                            0x0800162b   Thumb Code     6  stm32f10x_rcc.o(.text)
    RCC_ClearFlag                            0x08001631   Thumb Code    14  stm32f10x_rcc.o(.text)
    RCC_GetITStatus                          0x0800163f   Thumb Code    20  stm32f10x_rcc.o(.text)
    RCC_ClearITPendingBit                    0x08001653   Thumb Code     6  stm32f10x_rcc.o(.text)
    SPI_I2S_DeInit                           0x0800167d   Thumb Code    88  stm32f10x_spi.o(.text)
    SPI_Init                                 0x080016d5   Thumb Code    60  stm32f10x_spi.o(.text)
    I2S_Init                                 0x08001711   Thumb Code   200  stm32f10x_spi.o(.text)
    SPI_StructInit                           0x080017d9   Thumb Code    24  stm32f10x_spi.o(.text)
    I2S_StructInit                           0x080017f1   Thumb Code    20  stm32f10x_spi.o(.text)
    SPI_Cmd                                  0x08001805   Thumb Code    24  stm32f10x_spi.o(.text)
    I2S_Cmd                                  0x0800181d   Thumb Code    24  stm32f10x_spi.o(.text)
    SPI_I2S_ITConfig                         0x08001835   Thumb Code    36  stm32f10x_spi.o(.text)
    SPI_I2S_DMACmd                           0x08001859   Thumb Code    24  stm32f10x_spi.o(.text)
    SPI_I2S_SendData                         0x08001871   Thumb Code     4  stm32f10x_spi.o(.text)
    SPI_I2S_ReceiveData                      0x08001875   Thumb Code     6  stm32f10x_spi.o(.text)
    SPI_NSSInternalSoftwareConfig            0x0800187b   Thumb Code    30  stm32f10x_spi.o(.text)
    SPI_SSOutputCmd                          0x08001899   Thumb Code    24  stm32f10x_spi.o(.text)
    SPI_DataSizeConfig                       0x080018b1   Thumb Code    18  stm32f10x_spi.o(.text)
    SPI_TransmitCRC                          0x080018c3   Thumb Code    10  stm32f10x_spi.o(.text)
    SPI_CalculateCRC                         0x080018cd   Thumb Code    24  stm32f10x_spi.o(.text)
    SPI_GetCRC                               0x080018e5   Thumb Code    16  stm32f10x_spi.o(.text)
    SPI_GetCRCPolynomial                     0x080018f5   Thumb Code     6  stm32f10x_spi.o(.text)
    SPI_BiDirectionalLineConfig              0x080018fb   Thumb Code    28  stm32f10x_spi.o(.text)
    SPI_I2S_GetFlagStatus                    0x08001917   Thumb Code    18  stm32f10x_spi.o(.text)
    SPI_I2S_ClearFlag                        0x08001929   Thumb Code    34  stm32f10x_spi.o(.text)
    SPI_I2S_GetITStatus                      0x0800194b   Thumb Code    52  stm32f10x_spi.o(.text)
    SPI_I2S_ClearITPendingBit                0x0800197f   Thumb Code    48  stm32f10x_spi.o(.text)
    SysTick_CLKSourceConfig                  0x080019b5   Thumb Code    40  stm32f10x_systick.o(.text)
    SysTick_SetReload                        0x080019dd   Thumb Code     8  stm32f10x_systick.o(.text)
    SysTick_CounterCmd                       0x080019e5   Thumb Code    54  stm32f10x_systick.o(.text)
    SysTick_ITConfig                         0x08001a1b   Thumb Code    38  stm32f10x_systick.o(.text)
    SysTick_GetCounter                       0x08001a41   Thumb Code     8  stm32f10x_systick.o(.text)
    SysTick_GetFlagStatus                    0x08001a49   Thumb Code    46  stm32f10x_systick.o(.text)
    USART_DeInit                             0x08001a79   Thumb Code   146  stm32f10x_usart.o(.text)
    USART_Init                               0x08001b0b   Thumb Code   150  stm32f10x_usart.o(.text)
    USART_StructInit                         0x08001ba1   Thumb Code    24  stm32f10x_usart.o(.text)
    USART_ClockInit                          0x08001bb9   Thumb Code    32  stm32f10x_usart.o(.text)
    USART_ClockStructInit                    0x08001bd9   Thumb Code    12  stm32f10x_usart.o(.text)
    USART_Cmd                                0x08001be5   Thumb Code    24  stm32f10x_usart.o(.text)
    USART_ITConfig                           0x08001bfd   Thumb Code    62  stm32f10x_usart.o(.text)
    USART_DMACmd                             0x08001c3b   Thumb Code    24  stm32f10x_usart.o(.text)
    USART_SetAddress                         0x08001c53   Thumb Code    18  stm32f10x_usart.o(.text)
    USART_WakeUpConfig                       0x08001c65   Thumb Code    18  stm32f10x_usart.o(.text)
    USART_ReceiverWakeUpCmd                  0x08001c77   Thumb Code    24  stm32f10x_usart.o(.text)
    USART_LINBreakDetectLengthConfig         0x08001c8f   Thumb Code    18  stm32f10x_usart.o(.text)
    USART_LINCmd                             0x08001ca1   Thumb Code    24  stm32f10x_usart.o(.text)
    USART_SendData                           0x08001cb9   Thumb Code     8  stm32f10x_usart.o(.text)
    USART_ReceiveData                        0x08001cc1   Thumb Code    10  stm32f10x_usart.o(.text)
    USART_SendBreak                          0x08001ccb   Thumb Code    10  stm32f10x_usart.o(.text)
    USART_SetGuardTime                       0x08001cd5   Thumb Code    16  stm32f10x_usart.o(.text)
    USART_SetPrescaler                       0x08001ce5   Thumb Code    16  stm32f10x_usart.o(.text)
    USART_SmartCardCmd                       0x08001cf5   Thumb Code    24  stm32f10x_usart.o(.text)
    USART_SmartCardNACKCmd                   0x08001d0d   Thumb Code    24  stm32f10x_usart.o(.text)
    USART_HalfDuplexCmd                      0x08001d25   Thumb Code    24  stm32f10x_usart.o(.text)
    USART_IrDAConfig                         0x08001d3d   Thumb Code    18  stm32f10x_usart.o(.text)
    USART_IrDACmd                            0x08001d4f   Thumb Code    24  stm32f10x_usart.o(.text)
    USART_GetFlagStatus                      0x08001d67   Thumb Code    18  stm32f10x_usart.o(.text)
    USART_ClearFlag                          0x08001d79   Thumb Code     6  stm32f10x_usart.o(.text)
    USART_GetITStatus                        0x08001d7f   Thumb Code    74  stm32f10x_usart.o(.text)
    USART_ClearITPendingBit                  0x08001dc9   Thumb Code    20  stm32f10x_usart.o(.text)
    __use_two_region_memory                  0x08001de9   Thumb Code     2  heapauxi.o(.text)
    __rt_heap_escrow$2region                 0x08001deb   Thumb Code     2  heapauxi.o(.text)
    __rt_heap_expand$2region                 0x08001ded   Thumb Code     2  heapauxi.o(.text)
    __user_setup_stackheap                   0x08001def   Thumb Code    74  sys_stackheap_outer.o(.text)
    exit                                     0x08001e39   Thumb Code    12  exit.o(.text)
    __user_libspace                          0x08001e45   Thumb Code     8  libspace.o(.text)
    __user_perproc_libspace                  0x08001e45   Thumb Code     0  libspace.o(.text)
    __user_perthread_libspace                0x08001e45   Thumb Code     0  libspace.o(.text)
    _sys_exit                                0x08001e4d   Thumb Code    16  sys_exit.o(.text)
    __I$use$semihosting                      0x08001e61   Thumb Code     0  use_no_semi.o(.text)
    __use_no_semihosting_swi                 0x08001e61   Thumb Code     2  use_no_semi.o(.text)
    Region$$Table$$Base                      0x08001e78   Number         0  anon$$obj.o(Region$$Table)
    Region$$Table$$Limit                     0x08001e98   Number         0  anon$$obj.o(Region$$Table)
    TimingDelay                              0x20000000   Data           4  main.o(.data)
    Magneto_xyz_Data                         0x20000004   Data           6  main.o(.data)
    HSEStartUpStatus                         0x2000000a   Data           1  main.o(.data)
    USART_InitStructure                      0x20000014   Data          16  main.o(.bss)
    SPI_InitStructure                        0x20000024   Data          18  main.o(.bss)
    __libspace_start                         0x20000038   Data          96  libspace.o(.bss)
    __temporary_stack_top$libspace           0x20000098   Data           0  libspace.o(.bss)



==============================================================================

Memory Map of the image

  Image Entry point : 0x08000131

  Load Region LR_IROM1 (Base: 0x08000000, Size: 0x00001eac, Max: 0x00020000, ABSOLUTE)

    Execution Region ER_IROM1 (Base: 0x08000000, Size: 0x00001e98, Max: 0x00020000, ABSOLUTE)

    Base Addr    Size         Type   Attr      Idx    E Section Name        Object

    0x08000000   0x00000130   Data   RO          127    RESET               stm32f10x_vector.o
    0x08000130   0x00000008   Code   RO          292  * !!!main             __main.o(c_w.l)
    0x08000138   0x00000034   Code   RO          449    !!!scatter          __scatter.o(c_w.l)
    0x0800016c   0x0000001a   Code   RO          451    !!handler_copy      __scatter_copy.o(c_w.l)
    0x08000186   0x00000002   PAD
    0x08000188   0x0000001c   Code   RO          453    !!handler_zi        __scatter_zi.o(c_w.l)
    0x080001a4   0x00000006   Code   RO          324    .ARM.Collect$$libinit$$00000000  libinit.o(c_w.l)
    0x080001aa   0x00000000   Code   RO          332    .ARM.Collect$$libinit$$00000006  libinit2.o(c_w.l)
    0x080001aa   0x00000000   Code   RO          334    .ARM.Collect$$libinit$$00000008  libinit2.o(c_w.l)
    0x080001aa   0x00000000   Code   RO          336    .ARM.Collect$$libinit$$0000000A  libinit2.o(c_w.l)
    0x080001aa   0x00000000   Code   RO          339    .ARM.Collect$$libinit$$0000000D  libinit2.o(c_w.l)
    0x080001aa   0x00000000   Code   RO          341    .ARM.Collect$$libinit$$0000000F  libinit2.o(c_w.l)
    0x080001aa   0x00000000   Code   RO          343    .ARM.Collect$$libinit$$00000011  libinit2.o(c_w.l)
    0x080001aa   0x00000000   Code   RO          345    .ARM.Collect$$libinit$$00000013  libinit2.o(c_w.l)
    0x080001aa   0x00000000   Code   RO          347    .ARM.Collect$$libinit$$00000015  libinit2.o(c_w.l)
    0x080001aa   0x00000000   Code   RO          349    .ARM.Collect$$libinit$$00000017  libinit2.o(c_w.l)
    0x080001aa   0x00000000   Code   RO          351    .ARM.Collect$$libinit$$00000019  libinit2.o(c_w.l)
    0x080001aa   0x00000000   Code   RO          353    .ARM.Collect$$libinit$$0000001B  libinit2.o(c_w.l)
    0x080001aa   0x00000000   Code   RO          355    .ARM.Collect$$libinit$$0000001D  libinit2.o(c_w.l)
    0x080001aa   0x00000000   Code   RO          357    .ARM.Collect$$libinit$$0000001F  libinit2.o(c_w.l)
    0x080001aa   0x00000000   Code   RO          359    .ARM.Collect$$libinit$$00000021  libinit2.o(c_w.l)
    0x080001aa   0x00000000   Code   RO          363    .ARM.Collect$$libinit$$00000028  libinit2.o(c_w.l)
    0x080001aa   0x00000000   Code   RO          365    .ARM.Collect$$libinit$$0000002A  libinit2.o(c_w.l)
    0x080001aa   0x00000000   Code   RO          367    .ARM.Collect$$libinit$$0000002C  libinit2.o(c_w.l)
    0x080001aa   0x00000000   Code   RO          369    .ARM.Collect$$libinit$$0000002E  libinit2.o(c_w.l)
    0x080001aa   0x00000002   Code   RO          370    .ARM.Collect$$libinit$$0000002F  libinit2.o(c_w.l)
    0x080001ac   0x00000002   Code   RO          391    .ARM.Collect$$libshutdown$$00000000  libshutdown.o(c_w.l)
    0x080001ae   0x00000000   Code   RO          404    .ARM.Collect$$libshutdown$$00000003  libshutdown2.o(c_w.l)
    0x080001ae   0x00000000   Code   RO          407    .ARM.Collect$$libshutdown$$00000006  libshutdown2.o(c_w.l)
    0x080001ae   0x00000000   Code   RO          410    .ARM.Collect$$libshutdown$$00000009  libshutdown2.o(c_w.l)
    0x080001ae   0x00000000   Code   RO          412    .ARM.Collect$$libshutdown$$0000000B  libshutdown2.o(c_w.l)
    0x080001ae   0x00000000   Code   RO          415    .ARM.Collect$$libshutdown$$0000000E  libshutdown2.o(c_w.l)
    0x080001ae   0x00000002   Code   RO          416    .ARM.Collect$$libshutdown$$0000000F  libshutdown2.o(c_w.l)
    0x080001b0   0x00000000   Code   RO          294    .ARM.Collect$$rtentry$$00000000  rtentry.o(c_w.l)
    0x080001b0   0x00000000   Code   RO          297    .ARM.Collect$$rtentry$$00000002  rtentry2.o(c_w.l)
    0x080001b0   0x00000006   Code   RO          312    .ARM.Collect$$rtentry$$00000004  rtentry4.o(c_w.l)
    0x080001b6   0x00000000   Code   RO          299    .ARM.Collect$$rtentry$$00000009  rtentry2.o(c_w.l)
    0x080001b6   0x00000004   Code   RO          300    .ARM.Collect$$rtentry$$0000000A  rtentry2.o(c_w.l)
    0x080001ba   0x00000000   Code   RO          302    .ARM.Collect$$rtentry$$0000000C  rtentry2.o(c_w.l)
    0x080001ba   0x00000008   Code   RO          303    .ARM.Collect$$rtentry$$0000000D  rtentry2.o(c_w.l)
    0x080001c2   0x00000000   Code   RO          328    .ARM.Collect$$rtexit$$00000000  rtexit.o(c_w.l)
    0x080001c2   0x00000000   Code   RO          374    .ARM.Collect$$rtexit$$00000002  rtexit2.o(c_w.l)
    0x080001c2   0x00000004   Code   RO          375    .ARM.Collect$$rtexit$$00000003  rtexit2.o(c_w.l)
    0x080001c6   0x00000004   Code   RO          376    .ARM.Collect$$rtexit$$00000004  rtexit2.o(c_w.l)
    0x080001ca   0x00000002   PAD
    0x080001cc   0x0000039c   Code   RO            1    .text               main.o
    0x08000568   0x0000009e   Code   RO          106    .text               stm32f10x_it.o
    0x08000606   0x00000002   PAD
    0x08000608   0x0000007a   Code   RO          121    .text               cortexm3_macro.o
    0x08000682   0x00000002   PAD
    0x08000684   0x00000024   Code   RO          128    .text               stm32f10x_vector.o
    0x080006a8   0x00000530   Code   RO          156    .text               stm32f10x_flash.o
    0x08000bd8   0x00000318   Code   RO          180    .text               stm32f10x_gpio.o
    0x08000ef0   0x000003ec   Code   RO          201    .text               stm32f10x_nvic.o
    0x080012dc   0x000003a0   Code   RO          213    .text               stm32f10x_rcc.o
    0x0800167c   0x00000338   Code   RO          240    .text               stm32f10x_spi.o
    0x080019b4   0x000000c2   Code   RO          252    .text               stm32f10x_systick.o
    0x08001a76   0x00000002   PAD
    0x08001a78   0x00000370   Code   RO          276    .text               stm32f10x_usart.o
    0x08001de8   0x00000006   Code   RO          290    .text               heapauxi.o(c_w.l)
    0x08001dee   0x0000004a   Code   RO          314    .text               sys_stackheap_outer.o(c_w.l)
    0x08001e38   0x0000000c   Code   RO          316    .text               exit.o(c_w.l)
    0x08001e44   0x00000008   Code   RO          325    .text               libspace.o(c_w.l)
    0x08001e4c   0x00000014   Code   RO          383    .text               sys_exit.o(c_w.l)
    0x08001e60   0x00000002   Code   RO          394    .text               use_no_semi.o(c_w.l)
    0x08001e62   0x00000014   Data   RO          214    .constdata          stm32f10x_rcc.o
    0x08001e76   0x00000002   PAD
    0x08001e78   0x00000020   Data   RO          447    Region$$Table       anon$$obj.o


    Execution Region RW_IRAM1 (Base: 0x20000000, Size: 0x00000898, Max: 0x00005000, ABSOLUTE)

    Base Addr    Size         Type   Attr      Idx    E Section Name        Object

    0x20000000   0x0000000b   Data   RW            3    .data               main.o
    0x2000000b   0x00000001   PAD
    0x2000000c   0x00000005   Data   RW          215    .data               stm32f10x_rcc.o
    0x20000011   0x00000003   PAD
    0x20000014   0x00000022   Zero   RW            2    .bss                main.o
    0x20000036   0x00000002   PAD
    0x20000038   0x00000060   Zero   RW          326    .bss                libspace.o(c_w.l)
    0x20000098   0x00000400   Zero   RW          126    HEAP                stm32f10x_vector.o
    0x20000498   0x00000400   Zero   RW          125    STACK               stm32f10x_vector.o


==============================================================================

Image component sizes


      Code (inc. data)   RO Data    RW Data    ZI Data      Debug   Object Name

       122          0          0          0          0        348   cortexm3_macro.o
       924         36          0         11         34      60113   main.o
      1328         38          0          0          0       5910   stm32f10x_flash.o
       792         16          0          0          0       5139   stm32f10x_gpio.o
       158          0          0          0          0       7472   stm32f10x_it.o
      1004         28          0          0          0       7156   stm32f10x_nvic.o
       928         36         20          5          0       8684   stm32f10x_rcc.o
       824          6          0          0          0       6398   stm32f10x_spi.o
       194          0          0          0          0       1581   stm32f10x_systick.o
       880         12          0          0          0       7695   stm32f10x_usart.o
        36         22        304          0       2048        324   stm32f10x_vector.o

    ----------------------------------------------------------------------
      7196        194        358         20       2084     110820   Object Totals
         0          0         32          0          0          0   (incl. Generated)
         6          0          2          4          2          2   (incl. Padding)

    ----------------------------------------------------------------------

      Code (inc. data)   RO Data    RW Data    ZI Data      Debug   Library Member Name

         8          0          0          0          0         68   __main.o
        52          8          0          0          0          0   __scatter.o
        26          0          0          0          0          0   __scatter_copy.o
        28          0          0          0          0          0   __scatter_zi.o
        12          0          0          0          0         68   exit.o
         6          0          0          0          0        148   heapauxi.o
         6          0          0          0          0          0   libinit.o
         2          0          0          0          0          0   libinit2.o
         2          0          0          0          0          0   libshutdown.o
         2          0          0          0          0          0   libshutdown2.o
         8          4          0          0         96         68   libspace.o
         0          0          0          0          0          0   rtentry.o
        12          0          0          0          0          0   rtentry2.o
         6          0          0          0          0          0   rtentry4.o
         0          0          0          0          0          0   rtexit.o
         8          0          0          0          0          0   rtexit2.o
        20         10          0          0          0         68   sys_exit.o
        74          0          0          0          0         80   sys_stackheap_outer.o
         2          0          0          0          0         68   use_no_semi.o

    ----------------------------------------------------------------------
       278         22          0          0         96        568   Library Totals
         4          0          0          0          0          0   (incl. Padding)

    ----------------------------------------------------------------------

      Code (inc. data)   RO Data    RW Data    ZI Data      Debug   Library Name

       274         22          0          0         96        568   c_w.l

    ----------------------------------------------------------------------
       278         22          0          0         96        568   Library Totals

    ----------------------------------------------------------------------

==============================================================================


      Code (inc. data)   RO Data    RW Data    ZI Data      Debug   

      7474        216        358         20       2180     109840   Grand Totals
      7474        216        358         20       2180     109840   ELF Image Totals
      7474        216        358         20          0          0   ROM Totals

==============================================================================

    Total RO  Size (Code + RO Data)                 7832 (   7.65kB)
    Total RW  Size (RW Data + ZI Data)              2200 (   2.15kB)
    Total ROM Size (Code + RO Data + RW Data)       7852 (   7.67kB)

==============================================================================

